j:\workspace\satellitesim_db3_all_vs2015_2022073001\x64\release\satellitesim.bsc
j:\workspace\satellitesim_db3_all_vs2015_2022073001\satellitesim4\x64\release\aboutdialog.sbr
j:\workspace\satellitesim_db3_all_vs2015_2022073001\satellitesim4\x64\release\addradarstationdialog.sbr
j:\workspace\satellitesim_db3_all_vs2015_2022073001\satellitesim4\x64\release\common.sbr
j:\workspace\satellitesim_db3_all_vs2015_2022073001\satellitesim4\x64\release\configmanagedialog.sbr
j:\workspace\satellitesim_db3_all_vs2015_2022073001\satellitesim4\x64\release\detailedinformationdialog.sbr
j:\workspace\satellitesim_db3_all_vs2015_2022073001\satellitesim4\x64\release\earthautoclipplanehandler.sbr
j:\workspace\satellitesim_db3_all_vs2015_2022073001\satellitesim4\x64\release\fixposlookarounddialog.sbr
j:\workspace\satellitesim_db3_all_vs2015_2022073001\satellitesim4\x64\release\moc_aboutdialog.sbr
j:\workspace\satellitesim_db3_all_vs2015_2022073001\satellitesim4\x64\release\moc_addradarstationdialog.sbr
j:\workspace\satellitesim_db3_all_vs2015_2022073001\satellitesim4\x64\release\moc_configmanagedialog.sbr
j:\workspace\satellitesim_db3_all_vs2015_2022073001\satellitesim4\x64\release\moc_detailedinformationdialog.sbr
j:\workspace\satellitesim_db3_all_vs2015_2022073001\satellitesim4\x64\release\moc_fixposlookarounddialog.sbr
j:\workspace\satellitesim_db3_all_vs2015_2022073001\satellitesim4\x64\release\moc_logindialog.sbr
j:\workspace\satellitesim_db3_all_vs2015_2022073001\satellitesim4\x64\release\moc_minimapwidget.sbr
j:\workspace\satellitesim_db3_all_vs2015_2022073001\satellitesim4\x64\release\moc_newsatellitedialog.sbr
j:\workspace\satellitesim_db3_all_vs2015_2022073001\satellitesim4\x64\release\moc_osgviewerwidget.sbr
j:\workspace\satellitesim_db3_all_vs2015_2022073001\satellitesim4\x64\release\moc_queryfromservicedialog.sbr
j:\workspace\satellitesim_db3_all_vs2015_2022073001\satellitesim4\x64\release\moc_regionalplanningwidget.sbr
j:\workspace\satellitesim_db3_all_vs2015_2022073001\satellitesim4\x64\release\moc_ribbonwindow.sbr
j:\workspace\satellitesim_db3_all_vs2015_2022073001\satellitesim4\x64\release\moc_satellitelistwidget.sbr
j:\workspace\satellitesim_db3_all_vs2015_2022073001\satellitesim4\x64\release\moc_satellitelistwidget.obj
j:\workspace\satellitesim_db3_all_vs2015_2022073001\satellitesim4\x64\release\moc_ribbonwindow.obj
j:\workspace\satellitesim_db3_all_vs2015_2022073001\satellitesim4\x64\release\moc_regionalplanningwidget.obj
j:\workspace\satellitesim_db3_all_vs2015_2022073001\satellitesim4\x64\release\moc_queryfromservicedialog.obj
j:\workspace\satellitesim_db3_all_vs2015_2022073001\satellitesim4\x64\release\moc_osgviewerwidget.obj
j:\workspace\satellitesim_db3_all_vs2015_2022073001\satellitesim4\x64\release\moc_newsatellitedialog.obj
j:\workspace\satellitesim_db3_all_vs2015_2022073001\satellitesim4\x64\release\moc_minimapwidget.obj
j:\workspace\satellitesim_db3_all_vs2015_2022073001\satellitesim4\x64\release\moc_logindialog.obj
j:\workspace\satellitesim_db3_all_vs2015_2022073001\satellitesim4\x64\release\moc_fixposlookarounddialog.obj
j:\workspace\satellitesim_db3_all_vs2015_2022073001\satellitesim4\x64\release\moc_detailedinformationdialog.obj
j:\workspace\satellitesim_db3_all_vs2015_2022073001\satellitesim4\x64\release\moc_configmanagedialog.obj
j:\workspace\satellitesim_db3_all_vs2015_2022073001\satellitesim4\x64\release\moc_addradarstationdialog.obj
j:\workspace\satellitesim_db3_all_vs2015_2022073001\satellitesim4\x64\release\moc_aboutdialog.obj
j:\workspace\satellitesim_db3_all_vs2015_2022073001\satellitesim4\x64\release\fixposlookarounddialog.obj
j:\workspace\satellitesim_db3_all_vs2015_2022073001\satellitesim4\x64\release\earthautoclipplanehandler.obj
j:\workspace\satellitesim_db3_all_vs2015_2022073001\satellitesim4\x64\release\detailedinformationdialog.obj
j:\workspace\satellitesim_db3_all_vs2015_2022073001\satellitesim4\x64\release\configmanagedialog.obj
j:\workspace\satellitesim_db3_all_vs2015_2022073001\satellitesim4\x64\release\common.obj
j:\workspace\satellitesim_db3_all_vs2015_2022073001\satellitesim4\x64\release\addradarstationdialog.obj
j:\workspace\satellitesim_db3_all_vs2015_2022073001\satellitesim4\x64\release\aboutdialog.obj
j:\workspace\satellitesim_db3_all_vs2015_2022073001\satellitesim4\x64\release\moc_satellitesim.sbr
j:\workspace\satellitesim_db3_all_vs2015_2022073001\satellitesim4\x64\release\moc_saveselectionfieldwidget.sbr
j:\workspace\satellitesim_db3_all_vs2015_2022073001\satellitesim4\x64\release\logindialog.sbr
j:\workspace\satellitesim_db3_all_vs2015_2022073001\satellitesim4\x64\release\main.sbr
j:\workspace\satellitesim_db3_all_vs2015_2022073001\satellitesim4\x64\release\minimaptrack.sbr
j:\workspace\satellitesim_db3_all_vs2015_2022073001\satellitesim4\x64\release\minimapwidget.sbr
j:\workspace\satellitesim_db3_all_vs2015_2022073001\satellitesim4\x64\release\newsatellitedialog.sbr
j:\workspace\satellitesim_db3_all_vs2015_2022073001\satellitesim4\x64\release\graphicswindowqt.sbr
j:\workspace\satellitesim_db3_all_vs2015_2022073001\satellitesim4\x64\release\moc_qgraphicsviewadapter.sbr
j:\workspace\satellitesim_db3_all_vs2015_2022073001\satellitesim4\x64\release\qfontimplementation.sbr
j:\workspace\satellitesim_db3_all_vs2015_2022073001\satellitesim4\x64\release\qgraphicsviewadapter.sbr
j:\workspace\satellitesim_db3_all_vs2015_2022073001\satellitesim4\x64\release\qwidgetimage.sbr
j:\workspace\satellitesim_db3_all_vs2015_2022073001\satellitesim4\x64\release\readerqfont.sbr
j:\workspace\satellitesim_db3_all_vs2015_2022073001\satellitesim4\x64\release\osgviewerwidget.sbr
j:\workspace\satellitesim_db3_all_vs2015_2022073001\satellitesim4\x64\release\pickhandler.sbr
j:\workspace\satellitesim_db3_all_vs2015_2022073001\satellitesim4\x64\release\pintrackballmanipulator.sbr
j:\workspace\satellitesim_db3_all_vs2015_2022073001\satellitesim4\x64\release\queryfromservicedialog.sbr
j:\workspace\satellitesim_db3_all_vs2015_2022073001\satellitesim4\x64\release\regionalplanningwidget.sbr
j:\workspace\satellitesim_db3_all_vs2015_2022073001\satellitesim4\x64\release\ribbonimages.sbr
j:\workspace\satellitesim_db3_all_vs2015_2022073001\satellitesim4\x64\release\ribbonwindow.sbr
j:\workspace\satellitesim_db3_all_vs2015_2022073001\satellitesim4\x64\release\ribbonwindow.obj
j:\workspace\satellitesim_db3_all_vs2015_2022073001\satellitesim4\x64\release\ribbonimages.obj
j:\workspace\satellitesim_db3_all_vs2015_2022073001\satellitesim4\x64\release\regionalplanningwidget.obj
j:\workspace\satellitesim_db3_all_vs2015_2022073001\satellitesim4\x64\release\queryfromservicedialog.obj
j:\workspace\satellitesim_db3_all_vs2015_2022073001\satellitesim4\x64\release\pintrackballmanipulator.obj
j:\workspace\satellitesim_db3_all_vs2015_2022073001\satellitesim4\x64\release\pickhandler.obj
j:\workspace\satellitesim_db3_all_vs2015_2022073001\satellitesim4\x64\release\osgviewerwidget.obj
j:\workspace\satellitesim_db3_all_vs2015_2022073001\satellitesim4\x64\release\readerqfont.obj
j:\workspace\satellitesim_db3_all_vs2015_2022073001\satellitesim4\x64\release\qwidgetimage.obj
j:\workspace\satellitesim_db3_all_vs2015_2022073001\satellitesim4\x64\release\qgraphicsviewadapter.obj
j:\workspace\satellitesim_db3_all_vs2015_2022073001\satellitesim4\x64\release\qfontimplementation.obj
j:\workspace\satellitesim_db3_all_vs2015_2022073001\satellitesim4\x64\release\moc_qgraphicsviewadapter.obj
j:\workspace\satellitesim_db3_all_vs2015_2022073001\satellitesim4\x64\release\graphicswindowqt.obj
j:\workspace\satellitesim_db3_all_vs2015_2022073001\satellitesim4\x64\release\newsatellitedialog.obj
j:\workspace\satellitesim_db3_all_vs2015_2022073001\satellitesim4\x64\release\minimapwidget.obj
j:\workspace\satellitesim_db3_all_vs2015_2022073001\satellitesim4\x64\release\minimaptrack.obj
j:\workspace\satellitesim_db3_all_vs2015_2022073001\satellitesim4\x64\release\main.obj
j:\workspace\satellitesim_db3_all_vs2015_2022073001\satellitesim4\x64\release\logindialog.obj
j:\workspace\satellitesim_db3_all_vs2015_2022073001\satellitesim4\x64\release\moc_saveselectionfieldwidget.obj
j:\workspace\satellitesim_db3_all_vs2015_2022073001\satellitesim4\x64\release\moc_satellitesim.obj
j:\workspace\satellitesim_db3_all_vs2015_2022073001\satellitesim4\x64\release\satellitelistwidget.sbr
j:\workspace\satellitesim_db3_all_vs2015_2022073001\satellitesim4\x64\release\satellitesim.sbr
j:\workspace\satellitesim_db3_all_vs2015_2022073001\satellitesim4\x64\release\saveselectionfieldwidget.sbr
j:\workspace\satellitesim_db3_all_vs2015_2022073001\satellitesim4\x64\release\saveselectionfieldwidget.obj
j:\workspace\satellitesim_db3_all_vs2015_2022073001\satellitesim4\x64\release\satellitesim.obj
j:\workspace\satellitesim_db3_all_vs2015_2022073001\satellitesim4\x64\release\satellitelistwidget.obj
j:\workspace\satellitesim_db3_all_vs2015_2022073001\satellitesim4\x64\release\qrc_satellitesim.sbr
j:\workspace\satellitesim_db3_all_vs2015_2022073001\satellitesim4\x64\release\qrc_satellitesim.obj
j:\workspace\satellitesim_db3_all_vs2015_2022073001\satellitesim4\x64\release\moc_simplesatellitewidget.sbr
j:\workspace\satellitesim_db3_all_vs2015_2022073001\satellitesim4\x64\release\simplesatellitewidget.sbr
j:\workspace\satellitesim_db3_all_vs2015_2022073001\satellitesim4\x64\release\simplesatellitewidget.obj
j:\workspace\satellitesim_db3_all_vs2015_2022073001\satellitesim4\x64\release\moc_simplesatellitewidget.obj
j:\workspace\satellitesim_db3_all_vs2015_2022073001\satellitesim4\x64\release\moc_mytabwidget.sbr
j:\workspace\satellitesim_db3_all_vs2015_2022073001\satellitesim4\x64\release\mytabwidget.sbr
j:\workspace\satellitesim_db3_all_vs2015_2022073001\satellitesim4\x64\release\mytabwidget.obj
j:\workspace\satellitesim_db3_all_vs2015_2022073001\satellitesim4\x64\release\moc_mytabwidget.obj
j:\workspace\satellitesim_db3_all_vs2015_2022073001\satellitesim4\x64\release\addloadequipdialog.sbr
j:\workspace\satellitesim_db3_all_vs2015_2022073001\satellitesim4\x64\release\moc_addloadequipdialog.sbr
j:\workspace\satellitesim_db3_all_vs2015_2022073001\satellitesim4\x64\release\moc_loadequiplistwidget.sbr
j:\workspace\satellitesim_db3_all_vs2015_2022073001\satellitesim4\x64\release\moc_loadquipinformation.sbr
j:\workspace\satellitesim_db3_all_vs2015_2022073001\satellitesim4\x64\release\loadequiplistwidget.sbr
j:\workspace\satellitesim_db3_all_vs2015_2022073001\satellitesim4\x64\release\loadquipinformation.sbr
j:\workspace\satellitesim_db3_all_vs2015_2022073001\satellitesim4\x64\release\loadquipinformation.obj
j:\workspace\satellitesim_db3_all_vs2015_2022073001\satellitesim4\x64\release\loadequiplistwidget.obj
j:\workspace\satellitesim_db3_all_vs2015_2022073001\satellitesim4\x64\release\moc_loadquipinformation.obj
j:\workspace\satellitesim_db3_all_vs2015_2022073001\satellitesim4\x64\release\moc_loadequiplistwidget.obj
j:\workspace\satellitesim_db3_all_vs2015_2022073001\satellitesim4\x64\release\moc_addloadequipdialog.obj
j:\workspace\satellitesim_db3_all_vs2015_2022073001\satellitesim4\x64\release\addloadequipdialog.obj
j:\workspace\satellitesim_db3_all_vs2015_2022073001\satellitesim4\generatedfiles\qrc_satellitesim.cpp
j:\workspace\satellitesim_db3_all_vs2015_2022073001\satellitesim4\generatedfiles\ui_aboutdialog.h
j:\workspace\satellitesim_db3_all_vs2015_2022073001\satellitesim4\generatedfiles\ui_addradarstationdialog.h
j:\workspace\satellitesim_db3_all_vs2015_2022073001\satellitesim4\generatedfiles\ui_configmanagedialog.h
j:\workspace\satellitesim_db3_all_vs2015_2022073001\satellitesim4\generatedfiles\ui_detailedinformationdialog.h
j:\workspace\satellitesim_db3_all_vs2015_2022073001\satellitesim4\generatedfiles\ui_fixposlookarounddialog.h
j:\workspace\satellitesim_db3_all_vs2015_2022073001\satellitesim4\generatedfiles\ui_logindialog.h
j:\workspace\satellitesim_db3_all_vs2015_2022073001\satellitesim4\generatedfiles\ui_minimapwidget.h
j:\workspace\satellitesim_db3_all_vs2015_2022073001\satellitesim4\generatedfiles\ui_newsatellitedialog.h
j:\workspace\satellitesim_db3_all_vs2015_2022073001\satellitesim4\generatedfiles\ui_queryfromservicedialog.h
j:\workspace\satellitesim_db3_all_vs2015_2022073001\satellitesim4\generatedfiles\ui_regionalplanningwidget.h
j:\workspace\satellitesim_db3_all_vs2015_2022073001\satellitesim4\generatedfiles\ui_satellitelistwidget.h
j:\workspace\satellitesim_db3_all_vs2015_2022073001\satellitesim4\generatedfiles\ui_satellitesim.h
j:\workspace\satellitesim_db3_all_vs2015_2022073001\satellitesim4\generatedfiles\ui_saveselectionfieldwidget.h
j:\workspace\satellitesim_db3_all_vs2015_2022073001\satellitesim4\generatedfiles\release\moc_addradarstationdialog.cpp
j:\workspace\satellitesim_db3_all_vs2015_2022073001\satellitesim4\generatedfiles\release\moc_detailedinformationdialog.cpp
j:\workspace\satellitesim_db3_all_vs2015_2022073001\satellitesim4\generatedfiles\release\moc_configmanagedialog.cpp
j:\workspace\satellitesim_db3_all_vs2015_2022073001\satellitesim4\generatedfiles\release\moc_queryfromservicedialog.cpp
j:\workspace\satellitesim_db3_all_vs2015_2022073001\satellitesim4\generatedfiles\release\moc_satellitelistwidget.cpp
j:\workspace\satellitesim_db3_all_vs2015_2022073001\satellitesim4\generatedfiles\release\moc_fixposlookarounddialog.cpp
j:\workspace\satellitesim_db3_all_vs2015_2022073001\satellitesim4\generatedfiles\release\moc_ribbonwindow.cpp
j:\workspace\satellitesim_db3_all_vs2015_2022073001\satellitesim4\generatedfiles\release\moc_aboutdialog.cpp
j:\workspace\satellitesim_db3_all_vs2015_2022073001\satellitesim4\generatedfiles\release\moc_minimapwidget.cpp
j:\workspace\satellitesim_db3_all_vs2015_2022073001\satellitesim4\generatedfiles\release\moc_logindialog.cpp
j:\workspace\satellitesim_db3_all_vs2015_2022073001\satellitesim4\generatedfiles\release\moc_osgviewerwidget.cpp
j:\workspace\satellitesim_db3_all_vs2015_2022073001\satellitesim4\generatedfiles\release\moc_newsatellitedialog.cpp
j:\workspace\satellitesim_db3_all_vs2015_2022073001\satellitesim4\generatedfiles\release\moc_saveselectionfieldwidget.cpp
j:\workspace\satellitesim_db3_all_vs2015_2022073001\satellitesim4\generatedfiles\release\moc_regionalplanningwidget.cpp
j:\workspace\satellitesim_db3_all_vs2015_2022073001\satellitesim4\generatedfiles\release\moc_mytabwidget.cpp
j:\workspace\satellitesim_db3_all_vs2015_2022073001\satellitesim4\generatedfiles\release\moc_satellitesim.cpp
j:\workspace\satellitesim_db3_all_vs2015_2022073001\satellitesim4\generatedfiles\release\moc_simplesatellitewidget.cpp
j:\workspace\satellitesim_db3_all_vs2015_2022073001\satellitesim4\generatedfiles\release\moc_addloadequipdialog.cpp
j:\workspace\satellitesim_db3_all_vs2015_2022073001\satellitesim4\generatedfiles\release\moc_loadequiplistwidget.cpp
j:\workspace\satellitesim_db3_all_vs2015_2022073001\satellitesim4\generatedfiles\release\moc_loadquipinformation.cpp
j:\workspace\satellitesim_db3_all_vs2015_2022073001\satellitesim4\generatedfiles\ui_addloadequipdialog.h
j:\workspace\satellitesim_db3_all_vs2015_2022073001\satellitesim4\generatedfiles\ui_loadequiplistwidget.h
j:\workspace\satellitesim_db3_all_vs2015_2022073001\satellitesim4\generatedfiles\ui_loadquipinformation.h
j:\workspace\satellitesim_db3_all_vs2015_2022073001\x64\release\satellitesim.exe
j:\workspace\satellitesim_db3_all_vs2015_2022073001\satellitesim4\x64\release\satellitesim.res
j:\workspace\satellitesim_db3_all_vs2015_2022073001\satellitesim4\x64\release\satellitesim.tlog\bscmake.command.1.tlog
j:\workspace\satellitesim_db3_all_vs2015_2022073001\satellitesim4\x64\release\satellitesim.tlog\bscmake.read.1.tlog
j:\workspace\satellitesim_db3_all_vs2015_2022073001\satellitesim4\x64\release\satellitesim.tlog\bscmake.write.1.tlog
j:\workspace\satellitesim_db3_all_vs2015_2022073001\satellitesim4\x64\release\satellitesim.tlog\cl.command.1.tlog
j:\workspace\satellitesim_db3_all_vs2015_2022073001\satellitesim4\x64\release\satellitesim.tlog\cl.read.1.tlog
j:\workspace\satellitesim_db3_all_vs2015_2022073001\satellitesim4\x64\release\satellitesim.tlog\cl.write.1.tlog
j:\workspace\satellitesim_db3_all_vs2015_2022073001\satellitesim4\x64\release\satellitesim.tlog\custombuild.command.1.tlog
j:\workspace\satellitesim_db3_all_vs2015_2022073001\satellitesim4\x64\release\satellitesim.tlog\custombuild.read.1.tlog
j:\workspace\satellitesim_db3_all_vs2015_2022073001\satellitesim4\x64\release\satellitesim.tlog\custombuild.write.1.tlog
j:\workspace\satellitesim_db3_all_vs2015_2022073001\satellitesim4\x64\release\satellitesim.tlog\link.command.1.tlog
j:\workspace\satellitesim_db3_all_vs2015_2022073001\satellitesim4\x64\release\satellitesim.tlog\link.read.1.tlog
j:\workspace\satellitesim_db3_all_vs2015_2022073001\satellitesim4\x64\release\satellitesim.tlog\link.write.1.tlog
j:\workspace\satellitesim_db3_all_vs2015_2022073001\satellitesim4\x64\release\satellitesim.tlog\rc.command.1.tlog
j:\workspace\satellitesim_db3_all_vs2015_2022073001\satellitesim4\x64\release\satellitesim.tlog\rc.read.1.tlog
j:\workspace\satellitesim_db3_all_vs2015_2022073001\satellitesim4\x64\release\satellitesim.tlog\rc.write.1.tlog
