生成启动时间为 2020/12/20 16:41:30。
     1>项目“D:\OSG\SatelliteSim\SatelliteSim\SatelliteSim\SatelliteSim.vcxproj”在节点 2 上(Build 个目标)。
     1>ClCompile:
         C:\Program Files (x86)\Microsoft Visual Studio 12.0\VC\bin\x86_amd64\CL.exe /c /I.\GeneratedFiles /I. /IC:\Qt\Qt5.9.3\5.9.3\msvc2013_64\include /I.\GeneratedFiles\Release /IC:\Qt\Qt5.9.3\5.9.3\msvc2013_64\include\QtCore /IC:\Qt\Qt5.9.3\5.9.3\msvc2013_64\include\QtGui /IC:\Qt\Qt5.9.3\5.9.3\msvc2013_64\include\QtWidgets /I../osgQOpenGL /I../osg/include /I../osgEARTH/include /nologo /W1 /WX- /O2 /D UNICODE /D _UNICODE /D WIN32 /D WIN64 /D QT_DLL /D QT_NO_DEBUG /D NDEBUG /D QT_CORE_LIB /D QT_GUI_LIB /D QT_WIDGETS_LIB /Gm- /EHsc /MD /GS /fp:precise /Zc:wchar_t /Zc:forScope /Fo"x64\Release\\" /Fd"x64\Release\vc120.pdb" /Gd /TP /errorReport:prompt SatelliteSim.cpp
         SatelliteSim.cpp
       Link:
         C:\Program Files (x86)\Microsoft Visual Studio 12.0\VC\bin\x86_amd64\link.exe /ERRORREPORT:PROMPT /OUT:"D:\OSG\SatelliteSim\SatelliteSim\x64\Release\\SatelliteSim.exe" /NOLOGO /LIBPATH:C:\Qt\Qt5.9.3\5.9.3\msvc2013_64\lib /LIBPATH:../osgQOpenGL/lib /LIBPATH:../osgEARTH/lib /LIBPATH:../osg/lib qtmain.lib Qt5Core.lib Qt5Gui.lib Qt5Widgets.lib osgQOpenGL.lib osgEarth.lib osgEarthAnnotation.lib osgEarthFeatures.lib osgEarthSplat.lib osgEarthSymbology.lib osgEarthUtil.lib osgText.lib OpenThreads.lib osgAnimation.lib osg.lib osgDB.lib osgFX.lib osgGA.lib osgManipulator.lib osgViewer.lib osgUtil.lib kernel32.lib user32.lib gdi32.lib winspool.lib comdlg32.lib advapi32.lib shell32.lib ole32.lib oleaut32.lib uuid.lib odbc32.lib odbccp32.lib /MANIFEST /MANIFESTUAC:"level='asInvoker' uiAccess='false'" /manifest:embed /PDB:"D:\OSG\SatelliteSim\SatelliteSim\x64\Release\SatelliteSim.pdb" /SUBSYSTEM:WINDOWS /TLBID:1 /DYNAMICBASE /NXCOMPAT /IMPLIB:"D:\OSG\SatelliteSim\SatelliteSim\x64\Release\SatelliteSim.lib" /MACHINE:X64 x64\Release\SatelliteSim.res
         x64\Release\AboutDialog.obj
         x64\Release\qrc_SatelliteSim.obj
         x64\Release\moc_AboutDialog.obj
         x64\Release\moc_NewSatelliteDialog.obj
         x64\Release\moc_osgViewerWidget.obj
         x64\Release\moc_SatelliteSim.obj
         x64\Release\main.obj
         x64\Release\NewSatelliteDialog.obj
         x64\Release\Orbit.obj
         x64\Release\osgViewerWidget.obj
         x64\Release\Planet.obj
         x64\Release\Point.obj
         x64\Release\PointCart.obj
         x64\Release\PointPol.obj
         x64\Release\SatelliteSim.obj
         SatelliteSim.vcxproj -> D:\OSG\SatelliteSim\SatelliteSim\x64\Release\SatelliteSim.exe
     1>已完成生成项目“D:\OSG\SatelliteSim\SatelliteSim\SatelliteSim\SatelliteSim.vcxproj”(Build 个目标)的操作。

生成成功。

已用时间 00:00:07.58
