生成启动时间为 2020/12/20 15:17:47。
     1>项目“D:\OSG\SatelliteSim\SatelliteSim\SatelliteSim\SatelliteSim.vcxproj”在节点 2 上(Build 个目标)。
     1>ClCompile:
         C:\Program Files (x86)\Microsoft Visual Studio 12.0\VC\bin\x86_amd64\CL.exe /c /I.\GeneratedFiles /I. /IC:\Qt\Qt5.9.3\5.9.3\msvc2013_64\include /I.\GeneratedFiles\Debug /IC:\Qt\Qt5.9.3\5.9.3\msvc2013_64\include\QtCore /IC:\Qt\Qt5.9.3\5.9.3\msvc2013_64\include\QtGui /IC:\Qt\Qt5.9.3\5.9.3\msvc2013_64\include\QtWidgets /I../osgQOpenGL /I../osg/include /I../osgEARTH/include /Zi /nologo /W1 /WX- /Od /D UNICODE /D _UNICODE /D WIN32 /D WIN64 /D QT_DLL /D QT_CORE_LIB /D QT_GUI_LIB /D QT_WIDGETS_LIB /Gm- /EHsc /MDd /GS /fp:precise /Zc:wchar_t /Zc:forScope /Fo"x64\Debug\\" /Fd"x64\Debug\vc120.pdb" /Gd /TP /errorReport:prompt NewSatelliteDialog.cpp
         NewSatelliteDialog.cpp
       Link:
         C:\Program Files (x86)\Microsoft Visual Studio 12.0\VC\bin\x86_amd64\link.exe /ERRORREPORT:PROMPT /OUT:"D:\OSG\SatelliteSim\SatelliteSim\x64\Debug\\SatelliteSim.exe" /NOLOGO /LIBPATH:C:\Qt\Qt5.9.3\5.9.3\msvc2013_64\lib /LIBPATH:../osgQOpenGL/lib /LIBPATH:../osgEARTH/lib /LIBPATH:../osg/lib qtmaind.lib Qt5Cored.lib Qt5Guid.lib Qt5Widgetsd.lib osgQOpenGLd.lib osgEarthd.lib osgEarthAnnotationd.lib osgEarthFeaturesd.lib osgEarthSplatd.lib osgEarthSymbologyd.lib osgEarthUtild.lib OpenThreadsd.lib osgAnimationd.lib osgd.lib osgDBd.lib osgFXd.lib osgGAd.lib osgManipulatord.lib osgViewerd.lib osgUtild.lib kernel32.lib user32.lib gdi32.lib winspool.lib comdlg32.lib advapi32.lib shell32.lib ole32.lib oleaut32.lib uuid.lib odbc32.lib odbccp32.lib /MANIFEST /MANIFESTUAC:"level='asInvoker' uiAccess='false'" /manifest:embed /DEBUG /PDB:"D:\OSG\SatelliteSim\SatelliteSim\x64\Debug\SatelliteSim.pdb" /SUBSYSTEM:WINDOWS /TLBID:1 /DYNAMICBASE /NXCOMPAT /IMPLIB:"D:\OSG\SatelliteSim\SatelliteSim\x64\Debug\SatelliteSim.lib" /MACHINE:X64 x64\Debug\SatelliteSim.res
         x64\Debug\moc_NewSatelliteDialog.obj
         x64\Debug\moc_osgViewerWidget.obj
         x64\Debug\moc_SatelliteSim.obj
         x64\Debug\qrc_SatelliteSim.obj
         x64\Debug\main.obj
         x64\Debug\NewSatelliteDialog.obj
         x64\Debug\Orbit.obj
         x64\Debug\osgViewerWidget.obj
         x64\Debug\Planet.obj
         x64\Debug\Point.obj
         x64\Debug\PointCart.obj
         x64\Debug\PointPol.obj
         x64\Debug\SatelliteSim.obj
         SatelliteSim.vcxproj -> D:\OSG\SatelliteSim\SatelliteSim\x64\Debug\SatelliteSim.exe
     1>已完成生成项目“D:\OSG\SatelliteSim\SatelliteSim\SatelliteSim\SatelliteSim.vcxproj”(Build 个目标)的操作。

生成成功。

已用时间 00:00:02.13
