d:\satellitesim_db3_all_vs2015_2022072901\satellitesim4\x64\debug\vc140.pdb
d:\satellitesim_db3_all_vs2015_2022072901\satellitesim4\x64\debug\moc_satellitelistwidget.obj
d:\satellitesim_db3_all_vs2015_2022072901\satellitesim4\x64\debug\moc_ribbonwindow.obj
d:\satellitesim_db3_all_vs2015_2022072901\satellitesim4\x64\debug\moc_regionalplanningwidget.obj
d:\satellitesim_db3_all_vs2015_2022072901\satellitesim4\x64\debug\moc_queryfromservicedialog.obj
d:\satellitesim_db3_all_vs2015_2022072901\satellitesim4\x64\debug\moc_osgviewerwidget.obj
d:\satellitesim_db3_all_vs2015_2022072901\satellitesim4\x64\debug\moc_newsatellitedialog.obj
d:\satellitesim_db3_all_vs2015_2022072901\satellitesim4\x64\debug\moc_minimapwidget.obj
d:\satellitesim_db3_all_vs2015_2022072901\satellitesim4\x64\debug\moc_logindialog.obj
d:\satellitesim_db3_all_vs2015_2022072901\satellitesim4\x64\debug\moc_fixposlookarounddialog.obj
d:\satellitesim_db3_all_vs2015_2022072901\satellitesim4\x64\debug\moc_detailedinformationdialog.obj
d:\satellitesim_db3_all_vs2015_2022072901\satellitesim4\x64\debug\moc_configmanagedialog.obj
d:\satellitesim_db3_all_vs2015_2022072901\satellitesim4\x64\debug\moc_addradarstationdialog.obj
d:\satellitesim_db3_all_vs2015_2022072901\satellitesim4\x64\debug\moc_aboutdialog.obj
d:\satellitesim_db3_all_vs2015_2022072901\satellitesim4\x64\debug\fixposlookarounddialog.obj
d:\satellitesim_db3_all_vs2015_2022072901\satellitesim4\x64\debug\earthautoclipplanehandler.obj
d:\satellitesim_db3_all_vs2015_2022072901\satellitesim4\x64\debug\detailedinformationdialog.obj
d:\satellitesim_db3_all_vs2015_2022072901\satellitesim4\x64\debug\configmanagedialog.obj
d:\satellitesim_db3_all_vs2015_2022072901\satellitesim4\x64\debug\common.obj
d:\satellitesim_db3_all_vs2015_2022072901\satellitesim4\x64\debug\addradarstationdialog.obj
d:\satellitesim_db3_all_vs2015_2022072901\satellitesim4\x64\debug\aboutdialog.obj
d:\satellitesim_db3_all_vs2015_2022072901\satellitesim4\x64\debug\ribbonwindow.obj
d:\satellitesim_db3_all_vs2015_2022072901\satellitesim4\x64\debug\ribbonimages.obj
d:\satellitesim_db3_all_vs2015_2022072901\satellitesim4\x64\debug\regionalplanningwidget.obj
d:\satellitesim_db3_all_vs2015_2022072901\satellitesim4\x64\debug\queryfromservicedialog.obj
d:\satellitesim_db3_all_vs2015_2022072901\satellitesim4\x64\debug\pintrackballmanipulator.obj
d:\satellitesim_db3_all_vs2015_2022072901\satellitesim4\x64\debug\pickhandler.obj
d:\satellitesim_db3_all_vs2015_2022072901\satellitesim4\x64\debug\osgviewerwidget.obj
d:\satellitesim_db3_all_vs2015_2022072901\satellitesim4\x64\debug\readerqfont.obj
d:\satellitesim_db3_all_vs2015_2022072901\satellitesim4\x64\debug\qwidgetimage.obj
d:\satellitesim_db3_all_vs2015_2022072901\satellitesim4\x64\debug\qgraphicsviewadapter.obj
d:\satellitesim_db3_all_vs2015_2022072901\satellitesim4\x64\debug\qfontimplementation.obj
d:\satellitesim_db3_all_vs2015_2022072901\satellitesim4\x64\debug\moc_qgraphicsviewadapter.obj
d:\satellitesim_db3_all_vs2015_2022072901\satellitesim4\x64\debug\graphicswindowqt.obj
d:\satellitesim_db3_all_vs2015_2022072901\satellitesim4\x64\debug\newsatellitedialog.obj
d:\satellitesim_db3_all_vs2015_2022072901\satellitesim4\x64\debug\minimapwidget.obj
d:\satellitesim_db3_all_vs2015_2022072901\satellitesim4\x64\debug\minimaptrack.obj
d:\satellitesim_db3_all_vs2015_2022072901\satellitesim4\x64\debug\main.obj
d:\satellitesim_db3_all_vs2015_2022072901\satellitesim4\x64\debug\logindialog.obj
d:\satellitesim_db3_all_vs2015_2022072901\satellitesim4\x64\debug\moc_saveselectionfieldwidget.obj
d:\satellitesim_db3_all_vs2015_2022072901\satellitesim4\x64\debug\moc_satellitesim.obj
d:\satellitesim_db3_all_vs2015_2022072901\satellitesim4\x64\debug\saveselectionfieldwidget.obj
d:\satellitesim_db3_all_vs2015_2022072901\satellitesim4\x64\debug\satellitesim.obj
d:\satellitesim_db3_all_vs2015_2022072901\satellitesim4\x64\debug\satellitelistwidget.obj
d:\satellitesim_db3_all_vs2015_2022072901\satellitesim4\x64\debug\qrc_satellitesim.obj
d:\satellitesim_db3_all_vs2015_2022072901\satellitesim4\generatedfiles\debug\moc_satellitesim.cpp
d:\satellitesim_db3_all_vs2015_2022072901\satellitesim4\generatedfiles\debug\moc_addradarstationdialog.cpp
d:\satellitesim_db3_all_vs2015_2022072901\satellitesim4\generatedfiles\debug\moc_detailedinformationdialog.cpp
d:\satellitesim_db3_all_vs2015_2022072901\satellitesim4\generatedfiles\debug\moc_configmanagedialog.cpp
d:\satellitesim_db3_all_vs2015_2022072901\satellitesim4\generatedfiles\debug\moc_queryfromservicedialog.cpp
d:\satellitesim_db3_all_vs2015_2022072901\satellitesim4\generatedfiles\debug\moc_satellitelistwidget.cpp
d:\satellitesim_db3_all_vs2015_2022072901\satellitesim4\generatedfiles\debug\moc_regionalplanningwidget.cpp
d:\satellitesim_db3_all_vs2015_2022072901\satellitesim4\generatedfiles\debug\moc_saveselectionfieldwidget.cpp
d:\satellitesim_db3_all_vs2015_2022072901\satellitesim4\generatedfiles\debug\moc_fixposlookarounddialog.cpp
d:\satellitesim_db3_all_vs2015_2022072901\satellitesim4\generatedfiles\debug\moc_ribbonwindow.cpp
d:\satellitesim_db3_all_vs2015_2022072901\satellitesim4\generatedfiles\debug\moc_aboutdialog.cpp
d:\satellitesim_db3_all_vs2015_2022072901\satellitesim4\generatedfiles\debug\moc_minimapwidget.cpp
d:\satellitesim_db3_all_vs2015_2022072901\satellitesim4\generatedfiles\debug\moc_logindialog.cpp
d:\satellitesim_db3_all_vs2015_2022072901\satellitesim4\generatedfiles\debug\moc_osgviewerwidget.cpp
d:\satellitesim_db3_all_vs2015_2022072901\satellitesim4\generatedfiles\debug\moc_newsatellitedialog.cpp
d:\satellitesim_db3_all_vs2015_2022072901\satellitesim4\generatedfiles\ui_aboutdialog.h
d:\satellitesim_db3_all_vs2015_2022072901\satellitesim4\generatedfiles\ui_addradarstationdialog.h
d:\satellitesim_db3_all_vs2015_2022072901\satellitesim4\generatedfiles\ui_configmanagedialog.h
d:\satellitesim_db3_all_vs2015_2022072901\satellitesim4\generatedfiles\ui_detailedinformationdialog.h
d:\satellitesim_db3_all_vs2015_2022072901\satellitesim4\generatedfiles\ui_fixposlookarounddialog.h
d:\satellitesim_db3_all_vs2015_2022072901\satellitesim4\generatedfiles\ui_logindialog.h
d:\satellitesim_db3_all_vs2015_2022072901\satellitesim4\generatedfiles\ui_minimapwidget.h
d:\satellitesim_db3_all_vs2015_2022072901\satellitesim4\generatedfiles\ui_newsatellitedialog.h
d:\satellitesim_db3_all_vs2015_2022072901\satellitesim4\generatedfiles\ui_queryfromservicedialog.h
d:\satellitesim_db3_all_vs2015_2022072901\satellitesim4\generatedfiles\ui_regionalplanningwidget.h
d:\satellitesim_db3_all_vs2015_2022072901\satellitesim4\generatedfiles\ui_satellitelistwidget.h
d:\satellitesim_db3_all_vs2015_2022072901\satellitesim4\generatedfiles\ui_satellitesim.h
d:\satellitesim_db3_all_vs2015_2022072901\satellitesim4\generatedfiles\ui_saveselectionfieldwidget.h
d:\satellitesim_db3_all_vs2015_2022072901\satellitesim4\generatedfiles\qrc_satellitesim.cpp
d:\satellitesim_db3_all_vs2015_2022072901\x64\debug\satellitesim.ilk
d:\satellitesim_db3_all_vs2015_2022072901\x64\debug\satellitesim.exe
d:\satellitesim_db3_all_vs2015_2022072901\x64\debug\satellitesim.pdb
d:\satellitesim_db3_all_vs2015_2022072901\satellitesim4\x64\debug\satellitesim.res
d:\satellitesim_db3_all_vs2015_2022072901\satellitesim4\x64\debug\satellitesim.tlog\cl.command.1.tlog
d:\satellitesim_db3_all_vs2015_2022072901\satellitesim4\x64\debug\satellitesim.tlog\cl.read.1.tlog
d:\satellitesim_db3_all_vs2015_2022072901\satellitesim4\x64\debug\satellitesim.tlog\cl.write.1.tlog
d:\satellitesim_db3_all_vs2015_2022072901\satellitesim4\x64\debug\satellitesim.tlog\custombuild.command.1.tlog
d:\satellitesim_db3_all_vs2015_2022072901\satellitesim4\x64\debug\satellitesim.tlog\custombuild.read.1.tlog
d:\satellitesim_db3_all_vs2015_2022072901\satellitesim4\x64\debug\satellitesim.tlog\custombuild.write.1.tlog
d:\satellitesim_db3_all_vs2015_2022072901\satellitesim4\x64\debug\satellitesim.tlog\link.command.1.tlog
d:\satellitesim_db3_all_vs2015_2022072901\satellitesim4\x64\debug\satellitesim.tlog\link.read.1.tlog
d:\satellitesim_db3_all_vs2015_2022072901\satellitesim4\x64\debug\satellitesim.tlog\link.write.1.tlog
d:\satellitesim_db3_all_vs2015_2022072901\satellitesim4\x64\debug\satellitesim.tlog\rc.command.1.tlog
d:\satellitesim_db3_all_vs2015_2022072901\satellitesim4\x64\debug\satellitesim.tlog\rc.read.1.tlog
d:\satellitesim_db3_all_vs2015_2022072901\satellitesim4\x64\debug\satellitesim.tlog\rc.write.1.tlog
